../Drivers/CMSIS/Include/core_cm3.h:1511:22:__NVIC_EnableIRQ	16	static
../Drivers/CMSIS/Include/core_cm3.h:1639:22:__NVIC_SetPriority	16	static
../Core/Src/MIROS.c:44:6:main_idleThread	8	static
../Core/Src/MIROS.c:54:6:OS_init	24	static
../Core/Src/MIROS.c:70:6:OS_sched	4	static
../Core/Src/MIROS.c:95:6:OS_run	8	static,ignoring_inline_asm
../Core/Src/MIROS.c:110:6:OS_tick	16	static
../Core/Src/MIROS.c:125:6:OS_delay	16	static,ignoring_inline_asm
../Core/Src/MIROS.c:141:6:OSThread_start	32	static
../Core/Src/MIROS.c:206:6:PendSV_Handler	4	static,ignoring_inline_asm
